ASxxxx Linker V03.00 + NoICE + sdld,  page 1.
Hexadecimal  [32-Bits]

Area                                    Addr        Size        Decimal Bytes (Attributes)
--------------------------------        ----        ----        ------- ----- ------------
.  .ABS.                            00000000    00000000 =           0. bytes (ABS,CON)

      Value  Global                              Global Defined In Module
      -----  --------------------------------   ------------------------
     00000000  .__.ABS.                           
     00000000  _rRAMG                             
     00000000  l__BASE                         
     00000000  l__BSS                          
     00000000  l__CABS                         
     00000000  l__CODE_0                       
     00000000  l__CRASH_HEADER                 
     00000000  l__CRASH_SCRATCH                
     00000000  l__DABS                         
     00000000  l__EHL_TRAMPOLINE               
     00000000  l__HEADER                       
     00000000  l__HEADER_LCD                   
     00000000  l__HEADER_SIO                   
     00000000  l__HEADER_TIMER                 
     00000000  l__HEAP                         
     00000000  l__HRAM                         
     00000000  l__LIT                          
     00000000  s__CABS                         
     00000000  s__CRASH_HEADER                 
     00000000  s__CRASH_HEADER0                
     00000000  s__CRASH_HEADER1                
     00000000  s__CRASH_SCRATCH                
     00000000  s__CRASH_SCRATCH2               
     00000000  s__DABS                         
     00000000  s__EHL_TRAMPOLINE               
     00000000  s__EHL_TRAMPOLINE0              
     00000000  s__HEADER                       
     00000000  s__HEADER0                      
     00000000  s__HEADER1                      
     00000000  s__HEADER10                     
     00000000  s__HEADER11                     
     00000000  s__HEADER2                      
     00000000  s__HEADER3                      
     00000000  s__HEADER4                      
     00000000  s__HEADER5                      
     00000000  s__HEADER6                      
     00000000  s__HEADER7                      
     00000000  s__HEADER8                      
     00000000  s__HEADER9                      
     00000000  s__HEADER_LCD                   
     00000000  s__HEADER_LCD0                  
     00000000  s__HEADER_SIO                   
     00000000  s__HEADER_SIO0                  
     00000000  s__HEADER_TIMER                 
     00000000  s__HEADER_TIMER0                
     00000000  s__HEADERa                      
     00000000  s__HEADERb                      
     00000000  s__HEADERc                      
     00000000  s__HEADERd                      
     00000000  s__HEADERe                      
ASxxxx Linker V03.00 + NoICE + sdld,  page 2.
Hexadecimal  [32-Bits]

Area                                    Addr        Size        Decimal Bytes (Attributes)
--------------------------------        ----        ----        ------- ----- ------------
.  .ABS.                            00000000    00000000 =           0. bytes (ABS,CON)

      Value  Global                              Global Defined In Module
      -----  --------------------------------   ------------------------
     00000000  s__HEADERf                      
     00000000  s__HRAM                         
     00000000  s__HRAM12                       
     00000001  ___bank_ACTOR                      actor
     00000001  ___bank_VM_ACTOR                   vm_actor
     00000001  ___bank_VM_SGB                     vm_sgb
     00000001  ___bank_bg_woods_1_tilemap         bg_woods_1_tilemap
     00000001  ___bank_scene_12_sprites           scene_12_sprites
     00000001  ___bank_sprite_liver_sleeping      sprite_liver_sleeping
     00000001  b_activate_actor                   actor
     00000001  b_activate_actors_in_col           actor
     00000001  b_activate_actors_in_row           actor
     00000001  b_actor_at_tile                    actor
     00000001  b_actor_get_frame_offset           actor
     00000001  b_actor_in_front_of_player         actor
     00000001  b_actor_overlapping_bb             actor
     00000001  b_actor_overlapping_player         actor
     00000001  b_actor_set_anim_idle              actor
     00000001  b_actor_set_anim_moving            actor
     00000001  b_actor_set_dir                    actor
     00000001  b_actor_set_frame_offset           actor
     00000001  b_actor_set_frames                 actor
     00000001  b_actors_handle_player_collision   actor
     00000001  b_actors_init                      actor
     00000001  b_check_collision_in_direction     actor
     00000001  b_deactivate_actor                 actor
     00000001  b_player_init                      actor
     00000001  b_ui_draw_frame                    ui
     00000001  b_ui_draw_text_buffer_char         ui
     00000001  b_ui_init                          ui
     00000001  b_ui_load_tiles                    ui
     00000001  b_ui_run_menu                      ui
     00000001  b_ui_run_modal                     ui
     00000001  b_ui_set_start_tile                ui
     00000001  b_vm_actor_activate                vm_actor
     00000001  b_vm_actor_deactivate              vm_actor
     00000001  b_vm_actor_emote                   vm_actor
     00000001  b_vm_actor_get_angle               vm_actor
     00000001  b_vm_actor_get_anim_frame          vm_actor
     00000001  b_vm_actor_get_dir                 vm_actor
     00000001  b_vm_actor_get_pos                 vm_actor
     00000001  b_vm_actor_move_cancel             vm_actor
     00000001  b_vm_actor_move_to                 vm_actor
     00000001  b_vm_actor_replace_tile            vm_actor
     00000001  b_vm_actor_set_anim                vm_actor
     00000001  b_vm_actor_set_anim_frame          vm_actor
     00000001  b_vm_actor_set_anim_set            vm_actor
     00000001  b_vm_actor_set_anim_tick           vm_actor
     00000001  b_vm_actor_set_bounds              vm_actor
     00000001  b_vm_actor_set_dir                 vm_actor
     00000001  b_vm_actor_set_flags               vm_actor
ASxxxx Linker V03.00 + NoICE + sdld,  page 3.
Hexadecimal  [32-Bits]

Area                                    Addr        Size        Decimal Bytes (Attributes)
--------------------------------        ----        ----        ------- ----- ------------
.  .ABS.                            00000000    00000000 =           0. bytes (ABS,CON)

      Value  Global                              Global Defined In Module
      -----  --------------------------------   ------------------------
     00000001  b_vm_actor_set_move_speed          vm_actor
     00000001  b_vm_actor_set_pos                 vm_actor
     00000001  b_vm_actor_set_spritesheet         vm_actor
     00000001  b_vm_actor_set_spritesheet_by_re   vm_actor
     00000001  b_vm_actor_terminate_update        vm_actor
     00000001  l__GSFINAL                      
     00000001  l__HEADER0                      
     00000001  l__HEADER11                     
     00000001  l__HEADER9                      
     00000001  l__HEADERa                      
     00000001  l__HEADERb                      
     00000001  l__HEADERd                      
     00000001  l__HEADERe                      
     00000002  ___bank_VM_MAIN                    vm
     00000002  ___bank_song_admin_rights_full_D   song_admin_rights_full_Data
     00000002  ___bank_sound_gbfx_sav_00          sound_gbfx_sav
     00000002  ___bank_sound_gbfx_sav_01          sound_gbfx_sav
     00000002  ___bank_sound_gbfx_sav_02          sound_gbfx_sav
     00000002  ___bank_sound_gbfx_sav_03          sound_gbfx_sav
     00000002  ___bank_sound_gbfx_sav_04          sound_gbfx_sav
     00000002  ___bank_sound_gbfx_sav_05          sound_gbfx_sav
     00000002  ___bank_sound_gbfx_sav_06          sound_gbfx_sav
     00000002  ___bank_sound_gbfx_sav_07          sound_gbfx_sav
     00000002  ___bank_sound_gbfx_sav_08          sound_gbfx_sav
     00000002  ___bank_sound_gbfx_sav_09          sound_gbfx_sav
     00000002  ___bank_sound_gbfx_sav_10          sound_gbfx_sav
     00000002  ___bank_sound_gbfx_sav_11          sound_gbfx_sav
     00000002  ___bank_sound_gbfx_sav_12          sound_gbfx_sav
     00000002  ___bank_sound_gbfx_sav_13          sound_gbfx_sav
     00000002  ___bank_sound_gbfx_sav_14          sound_gbfx_sav
     00000002  ___bank_sound_gbfx_sav_15          sound_gbfx_sav
     00000002  ___bank_sound_gbfx_sav_16          sound_gbfx_sav
     00000002  ___bank_sound_gbfx_sav_17          sound_gbfx_sav
     00000002  ___bank_sound_gbfx_sav_18          sound_gbfx_sav
     00000002  ___bank_sound_gbfx_sav_19          sound_gbfx_sav
     00000002  ___bank_sound_gbfx_sav_20          sound_gbfx_sav
     00000002  ___bank_sound_gbfx_sav_21          sound_gbfx_sav
     00000002  ___bank_sound_gbfx_sav_22          sound_gbfx_sav
     00000002  ___bank_sound_gbfx_sav_23          sound_gbfx_sav
     00000002  ___bank_sound_gbfx_sav_24          sound_gbfx_sav
     00000002  ___bank_sound_gbfx_sav_25          sound_gbfx_sav
     00000002  ___bank_sound_gbfx_sav_26          sound_gbfx_sav
     00000002  ___bank_sound_gbfx_sav_27          sound_gbfx_sav
     00000002  ___bank_sound_gbfx_sav_28          sound_gbfx_sav
     00000002  ___bank_sound_gbfx_sav_29          sound_gbfx_sav
     00000002  ___bank_sound_gbfx_sav_30          sound_gbfx_sav
     00000002  ___bank_sound_gbfx_sav_31          sound_gbfx_sav
     00000002  ___bank_sound_gbfx_sav_32          sound_gbfx_sav
     00000002  ___bank_sound_gbfx_sav_33          sound_gbfx_sav
     00000002  ___bank_sound_gbfx_sav_34          sound_gbfx_sav
     00000002  ___bank_sound_gbfx_sav_35          sound_gbfx_sav
ASxxxx Linker V03.00 + NoICE + sdld,  page 4.
Hexadecimal  [32-Bits]

Area                                    Addr        Size        Decimal Bytes (Attributes)
--------------------------------        ----        ----        ------- ----- ------------
.  .ABS.                            00000000    00000000 =           0. bytes (ABS,CON)

      Value  Global                              Global Defined In Module
      -----  --------------------------------   ------------------------
     00000002  ___bank_sound_gbfx_sav_36          sound_gbfx_sav
     00000002  ___bank_sound_gbfx_sav_37          sound_gbfx_sav
     00000002  ___bank_sound_gbfx_sav_38          sound_gbfx_sav
     00000002  ___bank_sound_gbfx_sav_39          sound_gbfx_sav
     00000002  ___bank_sound_gbfx_sav_40          sound_gbfx_sav
     00000002  ___bank_sound_gbfx_sav_41          sound_gbfx_sav
     00000002  ___bank_sound_gbfx_sav_42          sound_gbfx_sav
     00000002  ___bank_sound_gbfx_sav_43          sound_gbfx_sav
     00000002  ___bank_sound_gbfx_sav_44          sound_gbfx_sav
     00000002  ___bank_sound_gbfx_sav_45          sound_gbfx_sav
     00000002  ___bank_sound_gbfx_sav_46          sound_gbfx_sav
     00000002  ___bank_sound_gbfx_sav_47          sound_gbfx_sav
     00000002  ___bank_sound_gbfx_sav_48          sound_gbfx_sav
     00000002  ___bank_sprite_arm_bones           sprite_arm_bones
     00000002  ___mute_mask_sound_gbfx_sav_00     sound_gbfx_sav
     00000002  ___mute_mask_sound_gbfx_sav_01     sound_gbfx_sav
     00000002  ___mute_mask_sound_gbfx_sav_02     sound_gbfx_sav
     00000002  ___mute_mask_sound_gbfx_sav_03     sound_gbfx_sav
     00000002  ___mute_mask_sound_gbfx_sav_04     sound_gbfx_sav
     00000002  ___mute_mask_sound_gbfx_sav_05     sound_gbfx_sav
     00000002  ___mute_mask_sound_gbfx_sav_06     sound_gbfx_sav
     00000002  ___mute_mask_sound_gbfx_sav_07     sound_gbfx_sav
     00000002  ___mute_mask_sound_gbfx_sav_08     sound_gbfx_sav
     00000002  ___mute_mask_sound_gbfx_sav_09     sound_gbfx_sav
     00000002  ___mute_mask_sound_gbfx_sav_10     sound_gbfx_sav
     00000002  ___mute_mask_sound_gbfx_sav_11     sound_gbfx_sav
     00000002  ___mute_mask_sound_gbfx_sav_12     sound_gbfx_sav
     00000002  ___mute_mask_sound_gbfx_sav_13     sound_gbfx_sav
     00000002  ___mute_mask_sound_gbfx_sav_14     sound_gbfx_sav
     00000002  ___mute_mask_sound_gbfx_sav_15     sound_gbfx_sav
     00000002  ___mute_mask_sound_gbfx_sav_32     sound_gbfx_sav
     00000002  ___mute_mask_sound_gbfx_sav_33     sound_gbfx_sav
     00000002  ___mute_mask_sound_gbfx_sav_34     sound_gbfx_sav
     00000002  ___mute_mask_sound_gbfx_sav_35     sound_gbfx_sav
     00000002  ___mute_mask_sound_gbfx_sav_36     sound_gbfx_sav
     00000002  ___mute_mask_sound_gbfx_sav_37     sound_gbfx_sav
     00000002  ___mute_mask_sound_gbfx_sav_38     sound_gbfx_sav
     00000002  ___mute_mask_sound_gbfx_sav_39     sound_gbfx_sav
     00000002  ___mute_mask_sound_gbfx_sav_48     sound_gbfx_sav
     00000002  b_platform_init                    platform
     00000002  b_platform_update                  platform
     00000002  b_script_detach_hthread            vm
     00000002  b_script_execute                   vm
     00000002  b_script_runner_init               vm
     00000002  b_script_terminate                 vm
     00000002  b_vm_call                          vm
     00000002  b_vm_call_far                      vm
     00000002  b_vm_get_indirect                  vm
     00000002  b_vm_get_int16                     vm
     00000002  b_vm_get_int8                      vm
     00000002  b_vm_get_tlocal                    vm
ASxxxx Linker V03.00 + NoICE + sdld,  page 5.
Hexadecimal  [32-Bits]

Area                                    Addr        Size        Decimal Bytes (Attributes)
--------------------------------        ----        ----        ------- ----- ------------
.  .ABS.                            00000000    00000000 =           0. bytes (ABS,CON)

      Value  Global                              Global Defined In Module
      -----  --------------------------------   ------------------------
     00000002  b_vm_get_uint8                     vm
     00000002  b_vm_idle                          vm
     00000002  b_vm_if                            vm
     00000002  b_vm_if_const                      vm
     00000002  b_vm_init_rng                      vm
     00000002  b_vm_invoke                        vm
     00000002  b_vm_join                          vm
     00000002  b_vm_jump                          vm
     00000002  b_vm_lock                          vm
     00000002  b_vm_loop                          vm
     00000002  b_vm_memcpy                        vm
     00000002  b_vm_memset                        vm
     00000002  b_vm_poll_loaded                   vm
     00000002  b_vm_pop                           vm
     00000002  b_vm_push                          vm
     00000002  b_vm_push_reference                vm
     00000002  b_vm_push_value                    vm
     00000002  b_vm_push_value_ind                vm
     00000002  b_vm_raise                         vm
     00000002  b_vm_rand                          vm
     00000002  b_vm_reserve                       vm
     00000002  b_vm_ret                           vm
     00000002  b_vm_ret_far                       vm
     00000002  b_vm_set                           vm
     00000002  b_vm_set_const                     vm
     00000002  b_vm_set_const_int16               vm
     00000002  b_vm_set_const_int8                vm
     00000002  b_vm_set_indirect                  vm
     00000002  b_vm_set_int16                     vm
     00000002  b_vm_set_int8                      vm
     00000002  b_vm_set_uint8                     vm
     00000002  b_vm_terminate                     vm
     00000002  b_vm_test_terminate                vm
     00000002  b_vm_unlock                        vm
     00000002  b_wait_frames                      vm
     00000002  l__HEADER5                      
     00000002  l__HEADERc                      
     00000002  l__HEADERf                      
     00000003  ___bank_VM_GAMEBOY                 vm_gameboy
     00000003  ___bank_bg_1716_1_back_tileset     bg_1716_1_back_tileset
     00000003  ___bank_bg_1716_1_front_tileset    bg_1716_1_front_tileset
     00000003  ___bank_bg_mount_tam_tileset       bg_mount_tam_tileset
     00000003  ___bank_font_gbs_mono              font_gbs_mono
     00000003  ___bank_scene_11_sprites           scene_11_sprites
     00000003  b_do_load_palette                  data_manager
     00000003  b_load_background                  data_manager
     00000003  b_load_bkg_tileset                 data_manager
     00000003  b_load_bounds                      data_manager
     00000003  b_load_emote                       data_manager
     00000003  b_load_init                        data_manager
     00000003  b_load_player                      data_manager
ASxxxx Linker V03.00 + NoICE + sdld,  page 6.
Hexadecimal  [32-Bits]

Area                                    Addr        Size        Decimal Bytes (Attributes)
--------------------------------        ----        ----        ------- ----- ------------
.  .ABS.                            00000000    00000000 =           0. bytes (ABS,CON)

      Value  Global                              Global Defined In Module
      -----  --------------------------------   ------------------------
     00000003  b_load_scene                       data_manager
     00000003  b_load_sprite                      data_manager
     00000003  b_vm_context_prepare               vm_gameboy
     00000003  b_vm_fade                          vm_gameboy
     00000003  b_vm_get_tile_xy                   vm_gameboy
     00000003  b_vm_input_attach                  vm_gameboy
     00000003  b_vm_input_detach                  vm_gameboy
     00000003  b_vm_input_get                     vm_gameboy
     00000003  b_vm_input_wait                    vm_gameboy
     00000003  b_vm_load_tiles                    vm_gameboy
     00000003  b_vm_load_tileset                  vm_gameboy
     00000003  b_vm_poll                          vm_gameboy
     00000003  b_vm_replace_tile                  vm_gameboy
     00000003  b_vm_replace_tile_xy               vm_gameboy
     00000003  b_vm_rumble                        vm_gameboy
     00000003  b_vm_set_sprite_mode               vm_gameboy
     00000003  b_vm_set_sprites_visible           vm_gameboy
     00000003  b_vm_timer_prepare                 vm_gameboy
     00000003  b_vm_timer_reset                   vm_gameboy
     00000003  b_vm_timer_set                     vm_gameboy
     00000003  b_vm_timer_stop                    vm_gameboy
     00000003  l__HEADER8                      
     00000003  l__HEADER_LCD0                  
     00000003  l__HRAM12                       
     00000004  ___bank_actor_50_interact          actor_50_interact
     00000004  ___bank_bg_outside_4_tileset       bg_outside_4_tileset
     00000004  ___bank_bg_woods_1_tileset         bg_woods_1_tileset
     00000004  ___bank_song_grind_Data            song_grind_Data
     00000004  ___bank_song_technocracy_Data      song_technocracy_Data
     00000004  ___bank_sound_legacy_0             sound_legacy_0
     00000004  b_adventure_init                   adventure
     00000004  b_adventure_update                 adventure
     00000004  b_scroll_init                      scroll
     00000004  b_scroll_repaint                   scroll
     00000004  b_scroll_reset                     scroll
     00000004  b_scroll_update                    scroll
     00000004  b_shmup_init                       shmup
     00000004  b_shmup_update                     shmup
     00000004  l__CRASH_HEADER1                
     00000004  l__HEADER_SIO0                  
     00000004  l__HEADER_TIMER0                
     00000005  ___bank_VM_UI                      vm_ui
     00000005  ___bank_actor_15_interact          actor_15_interact
     00000005  ___bank_actor_52_interact          actor_52_interact
     00000005  ___bank_actor_61_interact          actor_61_interact
     00000005  ___bank_bg_break_room_tileset      bg_break_room_tileset
     00000005  ___bank_bg_mount_tam_tilemap       bg_mount_tam_tilemap
     00000005  ___bank_bg_stars_tilemap           bg_stars_tilemap
     00000005  ___bank_bg_titlescreen_2_tileset   bg_titlescreen_2_tileset
     00000005  ___bank_bg_underground_tilemap     bg_underground_tilemap
     00000005  ___bank_scene_0_collisions         scene_0_collisions
ASxxxx Linker V03.00 + NoICE + sdld,  page 7.
Hexadecimal  [32-Bits]

Area                                    Addr        Size        Decimal Bytes (Attributes)
--------------------------------        ----        ----        ------- ----- ------------
.  .ABS.                            00000000    00000000 =           0. bytes (ABS,CON)

      Value  Global                              Global Defined In Module
      -----  --------------------------------   ------------------------
     00000005  ___bank_song_dreamy_Data           song_dreamy_Data
     00000005  ___bank_sprite_rib_cage_tileset    sprite_rib_cage_tileset
     00000005  b_projectile_launch                projectiles
     00000005  b_projectiles_init                 projectiles
     00000005  b_topdown_init                     topdown
     00000005  b_topdown_update                   topdown
     00000005  b_vm_choice                        vm_ui
     00000005  b_vm_display_text                  vm_ui
     00000005  b_vm_overlay_clear                 vm_ui
     00000005  b_vm_overlay_move_to               vm_ui
     00000005  b_vm_overlay_scroll                vm_ui
     00000005  b_vm_overlay_set_map               vm_ui
     00000005  b_vm_overlay_set_scroll            vm_ui
     00000005  b_vm_overlay_set_submap            vm_ui
     00000005  b_vm_overlay_set_submap_ex         vm_ui
     00000005  b_vm_overlay_setpos                vm_ui
     00000005  b_vm_overlay_show                  vm_ui
     00000005  b_vm_overlay_wait                  vm_ui
     00000005  b_vm_set_font                      vm_ui
     00000005  b_vm_set_text_sound                vm_ui
     00000005  b_vm_switch_text_layer             vm_ui
     00000005  l__CRASH_HEADER0                
     00000005  l__HEADER1                      
     00000006  ___bank_VM_CAMERA                  vm_camera
     00000006  ___bank_VM_SIO                     vm_sio
     00000006  ___bank_actor_0_interact           actor_0_interact
     00000006  ___bank_actor_56_interact          actor_56_interact
     00000006  ___bank_bg_alpine_club_2_tileset   bg_alpine_club_2_tileset
     00000006  ___bank_bg_classroom_2_tileset     bg_classroom_2_tileset
     00000006  ___bank_bg_logo_2_tileset          bg_logo_2_tileset
     00000006  ___bank_scene_13_collisions        scene_13_collisions
     00000006  ___bank_scene_16_collisions        scene_16_collisions
     00000006  ___bank_scene_17_collisions        scene_17_collisions
     00000006  ___bank_scene_21_actors            scene_21_actors
     00000006  ___bank_scene_stars_collisions     scene_stars_collisions
     00000006  ___bank_scene_underground_collis   scene_underground_collisions
     00000006  ___bank_trigger_36_interact        trigger_36_interact
     00000006  b___HandleCrash_banked             
     00000006  b_camera_shake_frames              vm_camera
     00000006  b_core_reset                       core
     00000006  b_core_run                         core
     00000006  b_data_clear                       load_save
     00000006  b_data_init                        load_save
     00000006  b_data_load                        load_save
     00000006  b_data_peek                        load_save
     00000006  b_data_save                        load_save
     00000006  b_gbprinter_detect                 gbprinter
     00000006  b_gbprinter_print_overlay          gbprinter
     00000006  b_pointnclick_init                 pointnclick
     00000006  b_pointnclick_update               pointnclick
     00000006  b_trigger_activate_at              trigger
ASxxxx Linker V03.00 + NoICE + sdld,  page 8.
Hexadecimal  [32-Bits]

Area                                    Addr        Size        Decimal Bytes (Attributes)
--------------------------------        ----        ----        ------- ----- ------------
.  .ABS.                            00000000    00000000 =           0. bytes (ABS,CON)

      Value  Global                              Global Defined In Module
      -----  --------------------------------   ------------------------
     00000006  b_trigger_activate_at_intersecti   trigger
     00000006  b_trigger_at_intersection          trigger
     00000006  b_trigger_at_tile                  trigger
     00000006  b_trigger_interact                 trigger
     00000006  b_trigger_reset                    trigger
     00000006  b_vm_camera_move_to                vm_camera
     00000006  b_vm_camera_set_pos                vm_camera
     00000006  b_vm_sio_exchange                  vm_sio
     00000006  b_vm_sio_set_mode                  vm_sio
     00000006  l__HEADER7                      
     00000007  ___bank_actor_3_interact           actor_3_interact
     00000007  ___bank_actor_48_interact          actor_48_interact
     00000007  ___bank_actor_49_interact          actor_49_interact
     00000007  ___bank_actor_53_interact          actor_53_interact
     00000007  ___bank_actor_54_interact          actor_54_interact
     00000007  ___bank_actor_58_interact          actor_58_interact
     00000007  ___bank_actor_59_interact          actor_59_interact
     00000007  ___bank_actor_60_interact          actor_60_interact
     00000007  ___bank_actor_74_interact          actor_74_interact
     00000007  ___bank_bg_1716_1_back_tilemap     bg_1716_1_back_tilemap
     00000007  ___bank_bg_1716_1_front_tilemap    bg_1716_1_front_tilemap
     00000007  ___bank_bg_classroom_1_tilemap     bg_classroom_1_tilemap
     00000007  ___bank_bg_classroom_2_tilemap     bg_classroom_2_tilemap
     00000007  ___bank_bg_classroom_3_tilemap     bg_classroom_3_tilemap
     00000007  ___bank_bg_classroom_3_tileset     bg_classroom_3_tileset
     00000007  ___bank_bg_medium_blank_room_til   bg_medium_blank_room_tileset
     00000007  ___bank_bg_menu_tileset            bg_menu_tileset
     00000007  ___bank_bg_outside_4_tilemap       bg_outside_4_tilemap
     00000007  ___bank_bg_underground_tileset     bg_underground_tileset
     00000007  ___bank_scene_12_collisions        scene_12_collisions
     00000007  ___bank_scene_15_collisions        scene_15_collisions
     00000007  ___bank_scene_18_collisions        scene_18_collisions
     00000007  ___bank_scene_20_collisions        scene_20_collisions
     00000007  ___bank_scene_21_collisions        scene_21_collisions
     00000007  ___bank_scene_22_collisions        scene_22_collisions
     00000007  ___bank_scene_23_collisions        scene_23_collisions
     00000007  ___bank_sprite_arm_bones_tileset   sprite_arm_bones_tileset
     00000007  ___bank_sprite_heart_tileset       sprite_heart_tileset
     00000007  b_set_sgb_border                   sgb_border
     00000007  l__HEADER2                      
     00000008  ___bank_actor_4_interact           actor_4_interact
     00000008  ___bank_actor_57_interact          actor_57_interact
     00000008  ___bank_actor_63_interact          actor_63_interact
     00000008  ___bank_actor_65_interact          actor_65_interact
     00000008  ___bank_actor_73_interact          actor_73_interact
     00000008  ___bank_actor_76_interact          actor_76_interact
     00000008  ___bank_actor_77_interact          actor_77_interact
     00000008  ___bank_actor_79_interact          actor_79_interact
     00000008  ___bank_actor_80_interact          actor_80_interact
     00000008  ___bank_actor_9_interact           actor_9_interact
     00000008  ___bank_bg_alpine_club_2_tilemap   bg_alpine_club_2_tilemap
ASxxxx Linker V03.00 + NoICE + sdld,  page 9.
Hexadecimal  [32-Bits]

Area                                    Addr        Size        Decimal Bytes (Attributes)
--------------------------------        ----        ----        ------- ----- ------------
.  .ABS.                            00000000    00000000 =           0. bytes (ABS,CON)

      Value  Global                              Global Defined In Module
      -----  --------------------------------   ------------------------
     00000008  ___bank_bg_break_room_tilemap      bg_break_room_tilemap
     00000008  ___bank_bg_cave_tilemap            bg_cave_tilemap
     00000008  ___bank_bg_cave_tileset            bg_cave_tileset
     00000008  ___bank_bg_house_tilemap           bg_house_tilemap
     00000008  ___bank_bg_logo_2_tilemap          bg_logo_2_tilemap
     00000008  ___bank_bg_menu_2_tilemap          bg_menu_2_tilemap
     00000008  ___bank_bg_menu_2_tileset          bg_menu_2_tileset
     00000008  ___bank_bg_menu_tilemap            bg_menu_tilemap
     00000008  ___bank_bg_titlescreen_2_tilemap   bg_titlescreen_2_tilemap
     00000008  ___bank_scene_10_collisions        scene_10_collisions
     00000008  ___bank_scene_11_actors            scene_11_actors
     00000008  ___bank_scene_11_collisions        scene_11_collisions
     00000008  ___bank_scene_14_collisions        scene_14_collisions
     00000008  ___bank_scene_18_actors            scene_18_actors
     00000008  ___bank_scene_19_collisions        scene_19_collisions
     00000008  ___bank_scene_20_actors            scene_20_actors
     00000008  ___bank_scene_9_collisions         scene_9_collisions
     00000008  ___bank_scene_cave_collisions      scene_cave_collisions
     00000008  ___bank_scene_house_collisions     scene_house_collisions
     00000008  ___bank_scene_logo_collisions      scene_logo_collisions
     00000008  ___bank_scene_menu_collisions      scene_menu_collisions
     00000008  ___bank_scene_title_screen_colli   scene_title_screen_collision
     00000008  ___bank_sprite_hand_bones_2_tile   sprite_hand_bones_2_tileset
     00000008  ___bank_sprite_npc003_tileset      sprite_npc003_tileset
     00000008  ___bank_sprite_pelvis_tileset      sprite_pelvis_tileset
     00000008  ___bank_sprite_pickup_1_tileset    sprite_pickup_1_tileset
     00000008  ___bank_sprite_player_copy__tile   sprite_player_copy__tileset
     00000008  ___bank_sprite_player_tileset      sprite_player_tileset
     00000008  ___bank_sprite_skull_tileset       sprite_skull_tileset
     00000008  ___bank_sprite_truck_2_tileset     sprite_truck_2_tileset
     00000008  ___mute_mask_sound_gbfx_sav_16     sound_gbfx_sav
     00000008  ___mute_mask_sound_gbfx_sav_17     sound_gbfx_sav
     00000008  ___mute_mask_sound_gbfx_sav_18     sound_gbfx_sav
     00000008  ___mute_mask_sound_gbfx_sav_19     sound_gbfx_sav
     00000008  ___mute_mask_sound_gbfx_sav_20     sound_gbfx_sav
     00000008  ___mute_mask_sound_gbfx_sav_21     sound_gbfx_sav
     00000008  ___mute_mask_sound_gbfx_sav_22     sound_gbfx_sav
     00000008  ___mute_mask_sound_gbfx_sav_23     sound_gbfx_sav
     00000008  ___mute_mask_sound_gbfx_sav_24     sound_gbfx_sav
     00000008  ___mute_mask_sound_gbfx_sav_25     sound_gbfx_sav
     00000008  ___mute_mask_sound_gbfx_sav_26     sound_gbfx_sav
     00000008  ___mute_mask_sound_gbfx_sav_27     sound_gbfx_sav
     00000008  ___mute_mask_sound_gbfx_sav_28     sound_gbfx_sav
     00000008  ___mute_mask_sound_gbfx_sav_29     sound_gbfx_sav
     00000008  ___mute_mask_sound_gbfx_sav_30     sound_gbfx_sav
     00000008  ___mute_mask_sound_gbfx_sav_31     sound_gbfx_sav
     00000008  ___mute_mask_sound_legacy_0        sound_legacy_0
     00000008  ___mute_mask_sound_legacy_1        sound_legacy_1
     00000008  b_fade_applypalettechange          fade_manager
     00000008  b_fade_in                          fade_manager
     00000008  b_fade_in_modal                    fade_manager
ASxxxx Linker V03.00 + NoICE + sdld,  page 10.
Hexadecimal  [32-Bits]

Area                                    Addr        Size        Decimal Bytes (Attributes)
--------------------------------        ----        ----        ------- ----- ------------
.  .ABS.                            00000000    00000000 =           0. bytes (ABS,CON)

      Value  Global                              Global Defined In Module
      -----  --------------------------------   ------------------------
     00000008  b_fade_init                        fade_manager
     00000008  b_fade_out                         fade_manager
     00000008  b_fade_out_modal                   fade_manager
     00000008  b_fade_setspeed                    fade_manager
     00000008  b_fade_update                      fade_manager
     00000008  l__HEADER3                      
     00000009  ___bank_VM_GBPRINTER               vm_gbprinter
     00000009  ___bank_VM_LOAD_SAVE               vm_load_save
     00000009  ___bank_VM_MATH                    vm_math
     00000009  ___bank_VM_MUSIC                   vm_music
     00000009  ___bank_VM_PALETTE                 vm_palette
     00000009  ___bank_VM_PROJECTILE              vm_projectiles
     00000009  ___bank_VM_RTC                     vm_rtc
     00000009  ___bank_VM_SCENE                   vm_scene
     00000009  ___bank_actor_14_interact          actor_14_interact
     00000009  ___bank_actor_16_interact          actor_16_interact
     00000009  ___bank_actor_18_interact          actor_18_interact
     00000009  ___bank_actor_19_interact          actor_19_interact
     00000009  ___bank_actor_1_interact           actor_1_interact
     00000009  ___bank_actor_26_interact          actor_26_interact
     00000009  ___bank_actor_27_interact          actor_27_interact
     00000009  ___bank_actor_2_interact           actor_2_interact
     00000009  ___bank_actor_33_interact          actor_33_interact
     00000009  ___bank_actor_34_interact          actor_34_interact
     00000009  ___bank_actor_35_interact          actor_35_interact
     00000009  ___bank_actor_37_interact          actor_37_interact
     00000009  ___bank_actor_38_interact          actor_38_interact
     00000009  ___bank_actor_39_interact          actor_39_interact
     00000009  ___bank_actor_47_interact          actor_47_interact
     00000009  ___bank_actor_51_interact          actor_51_interact
     00000009  ___bank_actor_55_interact          actor_55_interact
     00000009  ___bank_actor_62_interact          actor_62_interact
     00000009  ___bank_actor_64_interact          actor_64_interact
     00000009  ___bank_actor_66_interact          actor_66_interact
     00000009  ___bank_actor_68_interact          actor_68_interact
     00000009  ___bank_actor_70_interact          actor_70_interact
     00000009  ___bank_actor_71_interact          actor_71_interact
     00000009  ___bank_actor_72_interact          actor_72_interact
     00000009  ___bank_actor_81_interact          actor_81_interact
     00000009  ___bank_actor_ice_block_interact   actor_ice_block_interact
     00000009  ___bank_bg_house_tileset           bg_house_tileset
     00000009  ___bank_frame_image                frame_image
     00000009  ___bank_scene_0_actors             scene_0_actors
     00000009  ___bank_scene_10_actors            scene_10_actors
     00000009  ___bank_scene_10_init              scene_10_init
     00000009  ___bank_scene_12_actors            scene_12_actors
     00000009  ___bank_scene_14_actors            scene_14_actors
     00000009  ___bank_scene_15_actors            scene_15_actors
     00000009  ___bank_scene_16_actors            scene_16_actors
     00000009  ___bank_scene_17_actors            scene_17_actors
     00000009  ___bank_scene_19_actors            scene_19_actors
ASxxxx Linker V03.00 + NoICE + sdld,  page 11.
Hexadecimal  [32-Bits]

Area                                    Addr        Size        Decimal Bytes (Attributes)
--------------------------------        ----        ----        ------- ----- ------------
.  .ABS.                            00000000    00000000 =           0. bytes (ABS,CON)

      Value  Global                              Global Defined In Module
      -----  --------------------------------   ------------------------
     00000009  ___bank_scene_22_actors            scene_22_actors
     00000009  ___bank_scene_23_actors            scene_23_actors
     00000009  ___bank_scene_menu_actors          scene_menu_actors
     00000009  ___bank_scene_menu_init            scene_menu_init
     00000009  ___bank_scene_title_screen_init    scene_title_screen_init
     00000009  ___bank_scene_underground_actors   scene_underground_actors
     00000009  ___bank_sprite_basket_ball_tiles   sprite_basket_ball_tileset
     00000009  ___bank_sprite_fire_tileset        sprite_fire_tileset
     00000009  ___bank_sprite_liver_sleeping_ti   sprite_liver_sleeping_tilese
     00000009  ___bank_sprite_liver_tileset       sprite_liver_tileset
     00000009  ___bank_sprite_lung_1_tileset      sprite_lung_1_tileset
     00000009  ___bank_sprite_lung_2_tileset      sprite_lung_2_tileset
     00000009  ___bank_sprite_npc001_tileset      sprite_npc001_tileset
     00000009  ___bank_sprite_npc002_tileset      sprite_npc002_tileset
     00000009  ___bank_sprite_npc003              sprite_npc003
     00000009  ___bank_sprite_player              sprite_player
     00000009  ___bank_sprite_player_copy_        sprite_player_copy_
     00000009  ___bank_sprite_rib_cage            sprite_rib_cage
     00000009  ___bank_trigger_11_interact        trigger_11_interact
     00000009  ___bank_trigger_9_interact         trigger_9_interact
     00000009  b_erase_flash                      
     00000009  b_itoa_fmt                         vm_ui_a
     00000009  b_music_events_poll                music_manager
     00000009  b_music_init_driver                music_manager
     00000009  b_music_init_events                music_manager
     00000009  b_save_sram_banks                  
     00000009  b_vm_cos_scale                     vm_math
     00000009  b_vm_load_palette                  vm_palette
     00000009  b_vm_music_mute                    vm_music
     00000009  b_vm_music_play                    vm_music
     00000009  b_vm_music_routine                 vm_music
     00000009  b_vm_music_setpos                  vm_music
     00000009  b_vm_music_stop                    vm_music
     00000009  b_vm_print_detect                  vm_gbprinter
     00000009  b_vm_print_overlay                 vm_gbprinter
     00000009  b_vm_projectile_launch             vm_projectiles
     00000009  b_vm_projectile_load_type          vm_projectiles
     00000009  b_vm_rtc_get                       vm_rtc
     00000009  b_vm_rtc_latch                     vm_rtc
     00000009  b_vm_rtc_set                       vm_rtc
     00000009  b_vm_rtc_start                     vm_rtc
     00000009  b_vm_save_clear                    vm_load_save
     00000009  b_vm_save_peek                     vm_load_save
     00000009  b_vm_scene_pop                     vm_scene
     00000009  b_vm_scene_pop_all                 vm_scene
     00000009  b_vm_scene_push                    vm_scene
     00000009  b_vm_scene_stack_reset             vm_scene
     00000009  b_vm_sfx_play                      vm_music
     00000009  b_vm_sin_scale                     vm_math
     00000009  b_vm_sound_mastervol               vm_music
     0000000A  ___bank_actor_13_interact          actor_13_interact
ASxxxx Linker V03.00 + NoICE + sdld,  page 12.
Hexadecimal  [32-Bits]

Area                                    Addr        Size        Decimal Bytes (Attributes)
--------------------------------        ----        ----        ------- ----- ------------
.  .ABS.                            00000000    00000000 =           0. bytes (ABS,CON)

      Value  Global                              Global Defined In Module
      -----  --------------------------------   ------------------------
     0000000A  ___bank_actor_28_interact          actor_28_interact
     0000000A  ___bank_actor_29_interact          actor_29_interact
     0000000A  ___bank_actor_30_interact          actor_30_interact
     0000000A  ___bank_actor_31_interact          actor_31_interact
     0000000A  ___bank_actor_32_interact          actor_32_interact
     0000000A  ___bank_actor_5_interact           actor_5_interact
     0000000A  ___bank_actor_67_interact          actor_67_interact
     0000000A  ___bank_actor_69_interact          actor_69_interact
     0000000A  ___bank_actor_75_interact          actor_75_interact
     0000000A  ___bank_actor_7_interact           actor_7_interact
     0000000A  ___bank_actor_rock_1_interact      actor_rock_1_interact
     0000000A  ___bank_actor_rock_2_interact      actor_rock_2_interact
     0000000A  ___bank_actor_rock_3_interact      actor_rock_3_interact
     0000000A  ___bank_bg_1716_1_back             bg_1716_1_back
     0000000A  ___bank_bg_1716_1_front            bg_1716_1_front
     0000000A  ___bank_bg_alpine_club_2           bg_alpine_club_2
     0000000A  ___bank_bg_break_room              bg_break_room
     0000000A  ___bank_bg_cave                    bg_cave
     0000000A  ___bank_bg_classroom_1             bg_classroom_1
     0000000A  ___bank_bg_classroom_2             bg_classroom_2
     0000000A  ___bank_bg_classroom_3             bg_classroom_3
     0000000A  ___bank_bg_house                   bg_house
     0000000A  ___bank_bg_logo_2                  bg_logo_2
     0000000A  ___bank_bg_medium_blank_room       bg_medium_blank_room
     0000000A  ___bank_bg_menu                    bg_menu
     0000000A  ___bank_bg_menu_2                  bg_menu_2
     0000000A  ___bank_bg_mount_tam               bg_mount_tam
     0000000A  ___bank_bg_outside_4               bg_outside_4
     0000000A  ___bank_bg_stars                   bg_stars
     0000000A  ___bank_bg_stars_tileset           bg_stars_tileset
     0000000A  ___bank_bg_titlescreen_2           bg_titlescreen_2
     0000000A  ___bank_bg_underground             bg_underground
     0000000A  ___bank_bg_woods_1                 bg_woods_1
     0000000A  ___bank_bootstrap_script           
     0000000A  ___bank_cursor_image               cursor_image
     0000000A  ___bank_emote_pause                emote_pause
     0000000A  ___bank_emote_question             emote_question
     0000000A  ___bank_emote_shock                emote_shock
     0000000A  ___bank_palette_0                  palette_0
     0000000A  ___bank_palette_1                  palette_1
     0000000A  ___bank_scene_0                    scene_0
     0000000A  ___bank_scene_0_init               scene_0_init
     0000000A  ___bank_scene_0_sprites            scene_0_sprites
     0000000A  ___bank_scene_0_triggers           scene_0_triggers
     0000000A  ___bank_scene_10                   scene_10
     0000000A  ___bank_scene_10_sprites           scene_10_sprites
     0000000A  ___bank_scene_11                   scene_11
     0000000A  ___bank_scene_11_init              scene_11_init
     0000000A  ___bank_scene_12                   scene_12
     0000000A  ___bank_scene_12_init              scene_12_init
     0000000A  ___bank_scene_12_triggers          scene_12_triggers
ASxxxx Linker V03.00 + NoICE + sdld,  page 13.
Hexadecimal  [32-Bits]

Area                                    Addr        Size        Decimal Bytes (Attributes)
--------------------------------        ----        ----        ------- ----- ------------
.  .ABS.                            00000000    00000000 =           0. bytes (ABS,CON)

      Value  Global                              Global Defined In Module
      -----  --------------------------------   ------------------------
     0000000A  ___bank_scene_13                   scene_13
     0000000A  ___bank_scene_13_actors            scene_13_actors
     0000000A  ___bank_scene_13_init              scene_13_init
     0000000A  ___bank_scene_13_sprites           scene_13_sprites
     0000000A  ___bank_scene_13_triggers          scene_13_triggers
     0000000A  ___bank_scene_14                   scene_14
     0000000A  ___bank_scene_14_init              scene_14_init
     0000000A  ___bank_scene_14_sprites           scene_14_sprites
     0000000A  ___bank_scene_14_triggers          scene_14_triggers
     0000000A  ___bank_scene_15                   scene_15
     0000000A  ___bank_scene_15_init              scene_15_init
     0000000A  ___bank_scene_15_sprites           scene_15_sprites
     0000000A  ___bank_scene_15_triggers          scene_15_triggers
     0000000A  ___bank_scene_16                   scene_16
     0000000A  ___bank_scene_16_init              scene_16_init
     0000000A  ___bank_scene_16_sprites           scene_16_sprites
     0000000A  ___bank_scene_16_triggers          scene_16_triggers
     0000000A  ___bank_scene_17                   scene_17
     0000000A  ___bank_scene_17_init              scene_17_init
     0000000A  ___bank_scene_17_sprites           scene_17_sprites
     0000000A  ___bank_scene_17_triggers          scene_17_triggers
     0000000A  ___bank_scene_18                   scene_18
     0000000A  ___bank_scene_18_init              scene_18_init
     0000000A  ___bank_scene_18_sprites           scene_18_sprites
     0000000A  ___bank_scene_18_triggers          scene_18_triggers
     0000000A  ___bank_scene_19                   scene_19
     0000000A  ___bank_scene_19_init              scene_19_init
     0000000A  ___bank_scene_19_sprites           scene_19_sprites
     0000000A  ___bank_scene_19_triggers          scene_19_triggers
     0000000A  ___bank_scene_20                   scene_20
     0000000A  ___bank_scene_20_init              scene_20_init
     0000000A  ___bank_scene_20_sprites           scene_20_sprites
     0000000A  ___bank_scene_20_triggers          scene_20_triggers
     0000000A  ___bank_scene_21                   scene_21
     0000000A  ___bank_scene_21_init              scene_21_init
     0000000A  ___bank_scene_21_sprites           scene_21_sprites
     0000000A  ___bank_scene_21_triggers          scene_21_triggers
     0000000A  ___bank_scene_22                   scene_22
     0000000A  ___bank_scene_22_init              scene_22_init
     0000000A  ___bank_scene_22_sprites           scene_22_sprites
     0000000A  ___bank_scene_22_triggers          scene_22_triggers
     0000000A  ___bank_scene_23                   scene_23
     0000000A  ___bank_scene_23_init              scene_23_init
     0000000A  ___bank_scene_23_sprites           scene_23_sprites
     0000000A  ___bank_scene_23_triggers          scene_23_triggers
     0000000A  ___bank_scene_9                    scene_9
     0000000A  ___bank_scene_9_actors             scene_9_actors
     0000000A  ___bank_scene_9_init               scene_9_init
     0000000A  ___bank_scene_9_sprites            scene_9_sprites
     0000000A  ___bank_scene_9_triggers           scene_9_triggers
     0000000A  ___bank_scene_cave                 scene_cave
ASxxxx Linker V03.00 + NoICE + sdld,  page 14.
Hexadecimal  [32-Bits]

Area                                    Addr        Size        Decimal Bytes (Attributes)
--------------------------------        ----        ----        ------- ----- ------------
.  .ABS.                            00000000    00000000 =           0. bytes (ABS,CON)

      Value  Global                              Global Defined In Module
      -----  --------------------------------   ------------------------
     0000000A  ___bank_scene_cave_actors          scene_cave_actors
     0000000A  ___bank_scene_cave_init            scene_cave_init
     0000000A  ___bank_scene_cave_sprites         scene_cave_sprites
     0000000A  ___bank_scene_house                scene_house
     0000000A  ___bank_scene_house_actors         scene_house_actors
     0000000A  ___bank_scene_house_init           scene_house_init
     0000000A  ___bank_scene_house_sprites        scene_house_sprites
     0000000A  ___bank_scene_house_triggers       scene_house_triggers
     0000000A  ___bank_scene_logo                 scene_logo
     0000000A  ___bank_scene_logo_init            scene_logo_init
     0000000A  ___bank_scene_menu                 scene_menu
     0000000A  ___bank_scene_menu_sprites         scene_menu_sprites
     0000000A  ___bank_scene_stars                scene_stars
     0000000A  ___bank_scene_stars_init           scene_stars_init
     0000000A  ___bank_scene_stars_triggers       scene_stars_triggers
     0000000A  ___bank_scene_title_screen         scene_title_screen
     0000000A  ___bank_scene_underground          scene_underground
     0000000A  ___bank_scene_underground_init     scene_underground_init
     0000000A  ___bank_scene_underground_sprite   scene_underground_sprites
     0000000A  ___bank_scene_underground_trigge   scene_underground_triggers
     0000000A  ___bank_script_engine_init         
     0000000A  ___bank_script_init_menu           script_init_menu
     0000000A  ___bank_script_input_0             script_input_0
     0000000A  ___bank_sound_legacy_1             sound_legacy_1
     0000000A  ___bank_sprite_basket_ball         sprite_basket_ball
     0000000A  ___bank_sprite_cat                 sprite_cat
     0000000A  ___bank_sprite_cat_tileset         sprite_cat_tileset
     0000000A  ___bank_sprite_checkbox            sprite_checkbox
     0000000A  ___bank_sprite_checkbox_tileset    sprite_checkbox_tileset
     0000000A  ___bank_sprite_dog                 sprite_dog
     0000000A  ___bank_sprite_dog_tileset         sprite_dog_tileset
     0000000A  ___bank_sprite_duck                sprite_duck
     0000000A  ___bank_sprite_duck_tileset        sprite_duck_tileset
     0000000A  ___bank_sprite_eyeball             sprite_eyeball
     0000000A  ___bank_sprite_eyeball_tileset     sprite_eyeball_tileset
     0000000A  ___bank_sprite_fire                sprite_fire
     0000000A  ___bank_sprite_hand_bones_2        sprite_hand_bones_2
     0000000A  ___bank_sprite_heart               sprite_heart
     0000000A  ___bank_sprite_ice                 sprite_ice
     0000000A  ___bank_sprite_ice_tileset         sprite_ice_tileset
     0000000A  ___bank_sprite_jon                 sprite_jon
     0000000A  ___bank_sprite_jon_tileset         sprite_jon_tileset
     0000000A  ___bank_sprite_liver               sprite_liver
     0000000A  ___bank_sprite_lung_1              sprite_lung_1
     0000000A  ___bank_sprite_lung_2              sprite_lung_2
     0000000A  ___bank_sprite_npc001              sprite_npc001
     0000000A  ___bank_sprite_npc002              sprite_npc002
     0000000A  ___bank_sprite_pelvis              sprite_pelvis
     0000000A  ___bank_sprite_pickup_1            sprite_pickup_1
     0000000A  ___bank_sprite_radio               sprite_radio
     0000000A  ___bank_sprite_radio_tileset       sprite_radio_tileset
ASxxxx Linker V03.00 + NoICE + sdld,  page 15.
Hexadecimal  [32-Bits]

Area                                    Addr        Size        Decimal Bytes (Attributes)
--------------------------------        ----        ----        ------- ----- ------------
.  .ABS.                            00000000    00000000 =           0. bytes (ABS,CON)

      Value  Global                              Global Defined In Module
      -----  --------------------------------   ------------------------
     0000000A  ___bank_sprite_rock                sprite_rock
     0000000A  ___bank_sprite_rock_tileset        sprite_rock_tileset
     0000000A  ___bank_sprite_sage                sprite_sage
     0000000A  ___bank_sprite_sage_tileset        sprite_sage_tileset
     0000000A  ___bank_sprite_signpost            sprite_signpost
     0000000A  ___bank_sprite_signpost_tileset    sprite_signpost_tileset
     0000000A  ___bank_sprite_skull               sprite_skull
     0000000A  ___bank_sprite_syllabus_table      sprite_syllabus_table
     0000000A  ___bank_sprite_syllabus_table_ti   sprite_syllabus_table_tilese
     0000000A  ___bank_sprite_trash               sprite_trash
     0000000A  ___bank_sprite_trash_tileset       sprite_trash_tileset
     0000000A  ___bank_sprite_truck_2             sprite_truck_2
     0000000A  ___bank_sprite_writing             sprite_writing
     0000000A  ___bank_sprite_writing_tileset     sprite_writing_tileset
     0000000A  ___bank_spritesheet_none           spritesheet_none
     0000000A  ___bank_trigger_0_interact         trigger_0_interact
     0000000A  ___bank_trigger_10_interact        trigger_10_interact
     0000000A  ___bank_trigger_12_interact        trigger_12_interact
     0000000A  ___bank_trigger_13_interact        trigger_13_interact
     0000000A  ___bank_trigger_14_interact        trigger_14_interact
     0000000A  ___bank_trigger_15_interact        trigger_15_interact
     0000000A  ___bank_trigger_16_interact        trigger_16_interact
     0000000A  ___bank_trigger_17_interact        trigger_17_interact
     0000000A  ___bank_trigger_18_interact        trigger_18_interact
     0000000A  ___bank_trigger_19_interact        trigger_19_interact
     0000000A  ___bank_trigger_1_interact         trigger_1_interact
     0000000A  ___bank_trigger_20_interact        trigger_20_interact
     0000000A  ___bank_trigger_21_interact        trigger_21_interact
     0000000A  ___bank_trigger_22_interact        trigger_22_interact
     0000000A  ___bank_trigger_23_interact        trigger_23_interact
     0000000A  ___bank_trigger_24_interact        trigger_24_interact
     0000000A  ___bank_trigger_25_interact        trigger_25_interact
     0000000A  ___bank_trigger_26_interact        trigger_26_interact
     0000000A  ___bank_trigger_27_interact        trigger_27_interact
     0000000A  ___bank_trigger_28_interact        trigger_28_interact
     0000000A  ___bank_trigger_29_interact        trigger_29_interact
     0000000A  ___bank_trigger_2_interact         trigger_2_interact
     0000000A  ___bank_trigger_30_interact        trigger_30_interact
     0000000A  ___bank_trigger_31_interact        trigger_31_interact
     0000000A  ___bank_trigger_32_interact        trigger_32_interact
     0000000A  ___bank_trigger_33_interact        trigger_33_interact
     0000000A  ___bank_trigger_34_interact        trigger_34_interact
     0000000A  ___bank_trigger_35_interact        trigger_35_interact
     0000000A  ___bank_trigger_37_interact        trigger_37_interact
     0000000A  ___bank_trigger_38_interact        trigger_38_interact
     0000000A  ___bank_trigger_39_interact        trigger_39_interact
     0000000A  ___bank_trigger_3_interact         trigger_3_interact
     0000000A  ___bank_trigger_4_interact         trigger_4_interact
     0000000A  ___bank_trigger_5_interact         trigger_5_interact
     0000000A  ___bank_trigger_6_interact         trigger_6_interact
     0000000A  ___bank_trigger_7_interact         trigger_7_interact
ASxxxx Linker V03.00 + NoICE + sdld,  page 16.
Hexadecimal  [32-Bits]

Area                                    Addr        Size        Decimal Bytes (Attributes)
--------------------------------        ----        ----        ------- ----- ------------
.  .ABS.                            00000000    00000000 =           0. bytes (ABS,CON)

      Value  Global                              Global Defined In Module
      -----  --------------------------------   ------------------------
     0000000A  ___bank_trigger_8_interact         trigger_8_interact
     0000000A  ___mute_mask_sound_gbfx_sav_40     sound_gbfx_sav
     0000000A  ___mute_mask_sound_gbfx_sav_41     sound_gbfx_sav
     0000000A  ___mute_mask_sound_gbfx_sav_42     sound_gbfx_sav
     0000000A  ___mute_mask_sound_gbfx_sav_43     sound_gbfx_sav
     0000000A  ___mute_mask_sound_gbfx_sav_44     sound_gbfx_sav
     0000000A  ___mute_mask_sound_gbfx_sav_45     sound_gbfx_sav
     0000000A  ___mute_mask_sound_gbfx_sav_46     sound_gbfx_sav
     0000000A  ___mute_mask_sound_gbfx_sav_47     sound_gbfx_sav
     0000000A  b_SIO_init                         sio
     0000000A  b_camera_init                      camera
     0000000A  b_camera_reset                     camera
     0000000A  b_events_init                      events
     0000000A  b_input_init                       input
     0000000A  b_logo_init                        logo
     0000000A  b_logo_update                      logo
     0000000A  b_palette_init                     palette
     0000000A  b_parallax_init                    parallax
     0000000A  b_remove_LCD_ISRs                  interrupts
     0000000A  b_restore_sram                     flasher
     0000000A  b_restore_sram_bank                flasher
     0000000A  b_save_sram                        flasher
     0000000A  b_scroll_rect                      
     0000000A  b_timers_init                      events
     0000000C  __start_save                    
     00000011  l__EHL_TRAMPOLINE0              
     00000019  l__INITIALIZED                  
     00000019  l__INITIALIZER                  
     0000002D  l__GSINIT                       
     00000030  l__HEADER6                      
     0000004E  l__HEADER4                      
     00000082  l__HEADER10                     
     000001CB  l__CRASH_SCRATCH2               
     00000200  s__CODE                         
     00000737  l__CODE                         
     00000937  s__HOME                         
     0000197B  l__DATA                         
     00002000  _rROMB0                            
     0000262C  l__CODE_10                      
     00002B94  l__HOME                         
     00003000  _rROMB1                            
     000034CB  s__BASE                         
     000034CB  s__CODE_0                       
     000034CB  s__INITIALIZER                  
     000034CB  s__LIT                          
     000034E4  s__GSINIT                       
     00003511  s__GSFINAL                      
     00003FF3  l__CODE_1                       
     00003FFF  l__CODE_6                       
     00003FFF  l__CODE_9                       
     00004000  _RTC_SELECT_REG                    vm_rtc
ASxxxx Linker V03.00 + NoICE + sdld,  page 17.
Hexadecimal  [32-Bits]

Area                                    Addr        Size        Decimal Bytes (Attributes)
--------------------------------        ----        ----        ------- ----- ------------
.  .ABS.                            00000000    00000000 =           0. bytes (ABS,CON)

      Value  Global                              Global Defined In Module
      -----  --------------------------------   ------------------------
     00004000  _rRAMB                             
     00004000  l__CODE_2                       
     00004000  l__CODE_3                       
     00004000  l__CODE_4                       
     00004000  l__CODE_5                       
     00004000  l__CODE_7                       
     00004000  l__CODE_8                       
     00006000  _RTC_LATCH_REG                     vm_rtc
     00008000  __VRAM                             
     00008000  __VRAM8000                         
     00008800  __VRAM8800                         
     00009000  __VRAM9000                         
     00009800  __SCRN0                            
     00009C00  __SCRN1                            
     0000A000  _RTC_VALUE_REG                     vm_rtc
     0000A000  __SRAM                             
     0000C000  __RAM                              
     0000C000  _shadow_OAM                     
     0000C0A0  s__DATA                         
     0000D000  __RAMBANK                          
     0000DA1B  s__BSS                          
     0000DA1B  s__INITIALIZED                  
     0000DA34  s__HEAP                         
     0000DF00  .STACK                          
     0000DF00  _shadow_OAM2                       absolute
     0000DFA0  _BkgPalette                        absolute
     0000DFE0  _vwf_tile_data                     absolute
     0000FE00  __OAMRAM                           
     0000FF00  _P1_REG                            
     0000FF00  __IO                               
     0000FF01  _SB_REG                            
     0000FF02  _SC_REG                            
     0000FF04  _DIV_REG                           
     0000FF05  _TIMA_REG                          
     0000FF06  _TMA_REG                           
     0000FF07  _TAC_REG                           
     0000FF0F  _IF_REG                            
     0000FF10  _NR10_REG                          
     0000FF11  _NR11_REG                          
     0000FF12  _NR12_REG                          
     0000FF13  _NR13_REG                          
     0000FF14  _NR14_REG                          
     0000FF16  _NR21_REG                          
     0000FF17  _NR22_REG                          
     0000FF18  _NR23_REG                          
     0000FF19  _NR24_REG                          
     0000FF1A  _NR30_REG                          
     0000FF1B  _NR31_REG                          
     0000FF1C  _NR32_REG                          
     0000FF1D  _NR33_REG                          
     0000FF1E  _NR34_REG                          
ASxxxx Linker V03.00 + NoICE + sdld,  page 18.
Hexadecimal  [32-Bits]

Area                                    Addr        Size        Decimal Bytes (Attributes)
--------------------------------        ----        ----        ------- ----- ------------
.  .ABS.                            00000000    00000000 =           0. bytes (ABS,CON)

      Value  Global                              Global Defined In Module
      -----  --------------------------------   ------------------------
     0000FF20  _NR41_REG                          
     0000FF21  _NR42_REG                          
     0000FF22  _NR43_REG                          
     0000FF23  _NR44_REG                          
     0000FF24  _NR50_REG                          
     0000FF25  _NR51_REG                          
     0000FF26  _NR52_REG                          
     0000FF30  _AUD3WAVE                          
     0000FF30  _PCM_SAMPLE                        
     0000FF30  __AUD3WAVERAM                      
     0000FF40  _LCDC_REG                          
     0000FF41  _STAT_REG                          
     0000FF42  _SCY_REG                           
     0000FF43  _SCX_REG                           
     0000FF44  _LY_REG                            
     0000FF45  _LYC_REG                           
     0000FF46  _DMA_REG                           
     0000FF47  _BGP_REG                           
     0000FF48  _OBP0_REG                          
     0000FF49  _OBP1_REG                          
     0000FF4A  _WY_REG                            
     0000FF4B  _WX_REG                            
     0000FF4D  _KEY1_REG                          
     0000FF4F  _VBK_REG                           
     0000FF51  _HDMA1_REG                         
     0000FF52  _HDMA2_REG                         
     0000FF53  _HDMA3_REG                         
     0000FF54  _HDMA4_REG                         
     0000FF55  _HDMA5_REG                         
     0000FF56  _RP_REG                            
     0000FF68  _BCPS_REG                          
     0000FF69  _BCPD_REG                          
     0000FF6A  _OCPS_REG                          
     0000FF6B  _OCPD_REG                          
     0000FF70  _SVBK_REG                          
     0000FF76  _PCM12_REG                         
     0000FF77  _PCM34_REG                         
     0000FF80  .refresh_OAM                    
     0000FF80  __HRAM                             
     0000FFFF  _IE_REG                            
     00014000  s__CODE_1                       
     00024000  s__CODE_2                       
     00034000  s__CODE_3                       
     00044000  s__CODE_4                       
     00054000  s__CODE_5                       
     00064000  s__CODE_6                       
     00074000  s__CODE_7                       
     00084000  s__CODE_8                       
     00094000  s__CODE_9                       
     000A4000  s__CODE_10                      

ASxxxx Linker V03.00 + NoICE + sdld,  page 19.
Hexadecimal  [32-Bits]

Area                                    Addr        Size        Decimal Bytes (Attributes)
--------------------------------        ----        ----        ------- ----- ------------
_CODE                               00000200    00000737 =        1847. bytes (REL,CON)

      Value  Global                              Global Defined In Module
      -----  --------------------------------   ------------------------
     00000200  ___HandleCrash                     
     0000020A  _SIO_send_byte                     
     0000021D  _SIO_receive                       
     0000022E  _SetTile                           
     0000023D  _set_win_tile_xy                   
     00000242  _set_bkg_tile_xy                   
     00000265  _GetWinAddr                        
     0000026D  _GetBkgAddr                        
     0000027B  _state_init                        
     00000280  _state_update                      
     000002A2  _ui_time_masks                     
     000002AA  _ui_print_shift_char               
     0000032D  _ui_draw_frame_row                 
     00000336  .ui_draw_frame_row                 
     0000035F  _script_cmds                       vm_instructions
     00000593  _save_signature                    game_signature
     00000597  _start_scene_x                     
     00000599  _start_scene_y                     
     0000059B  _start_scene_dir                   
     0000059C  _start_scene                       
     0000059F  _start_player_move_speed           
     000005A0  _start_player_anim_tick            
     000005A1  _ui_fonts                          
     000005A4  _core_reset_hook                   main
     000005AC  _main                              main
     000005B4  _state_start_fns                   
     000005C6  _state_update_fns                  
     000005D8  _get_vram_byte                     
     000005E5  _get_win_tile_xy                   
     000005ED  _get_bkg_tile_xy                   
     00000631  gbt_get_pattern_ptr_banked         
     00000650  _gbt_play                          
     0000070B  _gbt_pause                         
     0000071C  _gbt_loop                          
     00000723  _gbt_stop                          
     0000072E  _gbt_enable_channels               
     00000735  _gbt_update                        
     0000083A  _hide_sprites_range                Metasprites
     0000086A  .sgb_check                         
     0000086A  _sgb_check                         
     000008B2  _sgb_transfer                      
     000008B7  .sgb_transfer                      
     000008F8  ___move_metasprite                 Metasprites

ASxxxx Linker V03.00 + NoICE + sdld,  page 20.
Hexadecimal  [32-Bits]

Area                                    Addr        Size        Decimal Bytes (Attributes)
--------------------------------        ----        ----        ------- ----- ------------
_HEADER0                            00000000    00000001 =           1. bytes (ABS,CON)

      Value  Global                              Global Defined In Module
      -----  --------------------------------   ------------------------
     00000020  .call_hl                           Runtime

ASxxxx Linker V03.00 + NoICE + sdld,  page 21.
Hexadecimal  [32-Bits]

Area                                    Addr        Size        Decimal Bytes (Attributes)
--------------------------------        ----        ----        ------- ----- ------------
_HEADER1                            00000000    00000005 =           5. bytes (ABS,CON)

      Value  Global                              Global Defined In Module
      -----  --------------------------------   ------------------------
     00000028  .MemsetSmall                       Runtime

ASxxxx Linker V03.00 + NoICE + sdld,  page 22.
Hexadecimal  [32-Bits]

Area                                    Addr        Size        Decimal Bytes (Attributes)
--------------------------------        ----        ----        ------- ----- ------------
_HEADER2                            00000000    00000007 =           7. bytes (ABS,CON)

      Value  Global                              Global Defined In Module
      -----  --------------------------------   ------------------------
     00000030  .MemcpySmall                       Runtime

ASxxxx Linker V03.00 + NoICE + sdld,  page 23.
Hexadecimal  [32-Bits]

Area                                    Addr        Size        Decimal Bytes (Attributes)
--------------------------------        ----        ----        ------- ----- ------------
_HEADER3                            00000000    00000008 =           8. bytes (ABS,CON)

      Value  Global                              Global Defined In Module
      -----  --------------------------------   ------------------------
ASxxxx Linker V03.00 + NoICE + sdld,  page 24.
Hexadecimal  [32-Bits]

Area                                    Addr        Size        Decimal Bytes (Attributes)
--------------------------------        ----        ----        ------- ----- ------------
_HEADER4                            00000000    0000004E =          78. bytes (ABS,CON)

      Value  Global                              Global Defined In Module
      -----  --------------------------------   ------------------------
     00000080  .int                               Runtime
     0000008F  _wait_int_handler                  Runtime
     0000009C  __standard_VBL_handler             Runtime
     000000AC  _refresh_OAM                       Runtime

ASxxxx Linker V03.00 + NoICE + sdld,  page 25.
Hexadecimal  [32-Bits]

Area                                    Addr        Size        Decimal Bytes (Attributes)
--------------------------------        ----        ----        ------- ----- ------------
_HEADER5                            00000000    00000002 =           2. bytes (ABS,CON)

      Value  Global                              Global Defined In Module
      -----  --------------------------------   ------------------------
ASxxxx Linker V03.00 + NoICE + sdld,  page 26.
Hexadecimal  [32-Bits]

Area                                    Addr        Size        Decimal Bytes (Attributes)
--------------------------------        ----        ----        ------- ----- ------------
_HEADER6                            00000000    00000030 =          48. bytes (ABS,CON)

      Value  Global                              Global Defined In Module
      -----  --------------------------------   ------------------------
ASxxxx Linker V03.00 + NoICE + sdld,  page 27.
Hexadecimal  [32-Bits]

Area                                    Addr        Size        Decimal Bytes (Attributes)
--------------------------------        ----        ----        ------- ----- ------------
_HEADER7                            00000000    00000006 =           6. bytes (ABS,CON)

      Value  Global                              Global Defined In Module
      -----  --------------------------------   ------------------------
ASxxxx Linker V03.00 + NoICE + sdld,  page 28.
Hexadecimal  [32-Bits]

Area                                    Addr        Size        Decimal Bytes (Attributes)
--------------------------------        ----        ----        ------- ----- ------------
_HEADER8                            00000000    00000003 =           3. bytes (ABS,CON)

      Value  Global                              Global Defined In Module
      -----  --------------------------------   ------------------------
ASxxxx Linker V03.00 + NoICE + sdld,  page 29.
Hexadecimal  [32-Bits]

Area                                    Addr        Size        Decimal Bytes (Attributes)
--------------------------------        ----        ----        ------- ----- ------------
_HEADER9                            00000000    00000001 =           1. bytes (ABS,CON)

      Value  Global                              Global Defined In Module
      -----  --------------------------------   ------------------------
ASxxxx Linker V03.00 + NoICE + sdld,  page 30.
Hexadecimal  [32-Bits]

Area                                    Addr        Size        Decimal Bytes (Attributes)
--------------------------------        ----        ----        ------- ----- ------------
_HEADERa                            00000000    00000001 =           1. bytes (ABS,CON)

      Value  Global                              Global Defined In Module
      -----  --------------------------------   ------------------------
ASxxxx Linker V03.00 + NoICE + sdld,  page 31.
Hexadecimal  [32-Bits]

Area                                    Addr        Size        Decimal Bytes (Attributes)
--------------------------------        ----        ----        ------- ----- ------------
_HEADERb                            00000000    00000001 =           1. bytes (ABS,CON)

      Value  Global                              Global Defined In Module
      -----  --------------------------------   ------------------------
ASxxxx Linker V03.00 + NoICE + sdld,  page 32.
Hexadecimal  [32-Bits]

Area                                    Addr        Size        Decimal Bytes (Attributes)
--------------------------------        ----        ----        ------- ----- ------------
_HEADERc                            00000000    00000002 =           2. bytes (ABS,CON)

      Value  Global                              Global Defined In Module
      -----  --------------------------------   ------------------------
ASxxxx Linker V03.00 + NoICE + sdld,  page 33.
Hexadecimal  [32-Bits]

Area                                    Addr        Size        Decimal Bytes (Attributes)
--------------------------------        ----        ----        ------- ----- ------------
_HEADERd                            00000000    00000001 =           1. bytes (ABS,CON)

      Value  Global                              Global Defined In Module
      -----  --------------------------------   ------------------------
ASxxxx Linker V03.00 + NoICE + sdld,  page 34.
Hexadecimal  [32-Bits]

Area                                    Addr        Size        Decimal Bytes (Attributes)
--------------------------------        ----        ----        ------- ----- ------------
_HEADERe                            00000000    00000001 =           1. bytes (ABS,CON)

      Value  Global                              Global Defined In Module
      -----  --------------------------------   ------------------------
ASxxxx Linker V03.00 + NoICE + sdld,  page 35.
Hexadecimal  [32-Bits]

Area                                    Addr        Size        Decimal Bytes (Attributes)
--------------------------------        ----        ----        ------- ----- ------------
_HEADERf                            00000000    00000002 =           2. bytes (ABS,CON)

      Value  Global                              Global Defined In Module
      -----  --------------------------------   ------------------------
ASxxxx Linker V03.00 + NoICE + sdld,  page 36.
Hexadecimal  [32-Bits]

Area                                    Addr        Size        Decimal Bytes (Attributes)
--------------------------------        ----        ----        ------- ----- ------------
_HEADER10                           00000000    00000082 =         130. bytes (ABS,CON)

      Value  Global                              Global Defined In Module
      -----  --------------------------------   ------------------------
     00000150  .reset                             Runtime
     00000150  _reset                             Runtime
     00000157  .code_start                        Runtime
     000001B7  _exit                              Runtime
     000001BB  _set_interrupts                    Runtime

ASxxxx Linker V03.00 + NoICE + sdld,  page 37.
Hexadecimal  [32-Bits]

Area                                    Addr        Size        Decimal Bytes (Attributes)
--------------------------------        ----        ----        ------- ----- ------------
_HEADER11                           00000000    00000001 =           1. bytes (ABS,CON)

      Value  Global                              Global Defined In Module
      -----  --------------------------------   ------------------------
ASxxxx Linker V03.00 + NoICE + sdld,  page 38.
Hexadecimal  [32-Bits]

Area                                    Addr        Size        Decimal Bytes (Attributes)
--------------------------------        ----        ----        ------- ----- ------------
_HOME                               00000937    00002B94 =       11156. bytes (REL,CON)

      Value  Global                              Global Defined In Module
      -----  --------------------------------   ------------------------
     00000937  .memset_simple                     Runtime
     00000940  .memcpy_simple                     Runtime
     0000095D  .remove_VBL                        Runtime
     00000960  .remove_int                        Runtime
     0000097D  .add_VBL                           Runtime
     00000980  .add_int                           Runtime
     0000098B  .wait_vbl_done                     Runtime
     0000098B  _wait_vbl_done                     Runtime
     0000099B  .display_off                       Runtime
     0000099B  _display_off                       Runtime
     000009B3  _remove_VBL                        Runtime
     000009BE  _add_VBL                           Runtime
     000009C9  _actors_update                     actor
     00000DC6  _SetBankedBkgData                  bankdata
     00000DE2  _SetBankedSpriteData               bankdata
     00000DFE  _SetBankedBkgTiles                 bankdata
     00000E1A  _SetBankedWinTiles                 bankdata
     00000E36  _ReadBankedFarPtr                  bankdata
     00000E5D  _ReadBankedUWORD                   bankdata
     00000E79  _MemcpyBanked                      bankdata
     00000E95  _MemcpyVRAMBanked                  bankdata
     00000EB1  _IndexOfFarPtr                     bankdata
     00000F47  _camera_update                     camera
     0000107A  _load_animations                   data_manager
     000010D9  _events_update                     events
     000011AB  _timers_update                     events
     00001233  _input_update                      input
     00001263  .sio_ISR                           
     000012BD  .timer_ISR                         
     000012D2  _simple_LCD_isr                    interrupts
     0000134E  _fullscreen_LCD_isr                interrupts
     0000137A  _VBL_isr                           interrupts
     000013C4  _isqrt                             math
     0000141A  _sine_wave                         math
     0000151A  _dir_lookup                        math
     00001522  _dir_angle_lookup                  math
     00001526  _music_events_update               music_manager
     000015A8  _music_play_isr                    music_manager
     00001677  _parallax_LCD_isr                  parallax
     000016B4  _projectiles_update                projectiles
     00001B53  _projectiles_render                projectiles
     00001CC6  _scroll_load_pending_row           scroll
     00001D19  _scroll_load_row                   scroll
     00001D5E  _scroll_load_col                   scroll
     00001D92  _scroll_load_pending_col           scroll
     00001DEA  _set_bkg_submap                    
     00001E2D  _set_xy_win_submap                 
     00001E5A  .set_xy_win_submap                 
     00001E63  .set_xy_bkg_submap                 
[...]
/tmp/_gbsbuild/obj/scene_18_init.rel      [ scene_18_init ]
/tmp/_gbsbuild/obj/scene_18_sprites.rel   [ scene_18_sprites ]
/tmp/_gbsbuild/obj/scene_18_triggers.rel  [ scene_18_triggers ]
/tmp/_gbsbuild/obj/scene_18.rel           [ scene_18 ]
/tmp/_gbsbuild/obj/scene_19_actors.rel    [ scene_19_actors ]
/tmp/_gbsbuild/obj/scene_19_collisions.rel
                                          [ scene_19_collisions ]
/tmp/_gbsbuild/obj/scene_19_init.rel      [ scene_19_init ]
/tmp/_gbsbuild/obj/scene_19_sprites.rel   [ scene_19_sprites ]
/tmp/_gbsbuild/obj/scene_19_triggers.rel  [ scene_19_triggers ]
/tmp/_gbsbuild/obj/scene_19.rel           [ scene_19 ]
/tmp/_gbsbuild/obj/scene_20_actors.rel    [ scene_20_actors ]
/tmp/_gbsbuild/obj/scene_20_collisions.rel
                                          [ scene_20_collisions ]
/tmp/_gbsbuild/obj/scene_20_init.rel      [ scene_20_init ]
/tmp/_gbsbuild/obj/scene_20_sprites.rel   [ scene_20_sprites ]
/tmp/_gbsbuild/obj/scene_20_triggers.rel  [ scene_20_triggers ]
/tmp/_gbsbuild/obj/scene_20.rel           [ scene_20 ]
/tmp/_gbsbuild/obj/scene_21_actors.rel    [ scene_21_actors ]
/tmp/_gbsbuild/obj/scene_21_collisions.rel
                                          [ scene_21_collisions ]
/tmp/_gbsbuild/obj/scene_21_init.rel      [ scene_21_init ]
/tmp/_gbsbuild/obj/scene_21_sprites.rel   [ scene_21_sprites ]
/tmp/_gbsbuild/obj/scene_21_triggers.rel  [ scene_21_triggers ]
/tmp/_gbsbuild/obj/scene_21.rel           [ scene_21 ]
/tmp/_gbsbuild/obj/scene_22_actors.rel    [ scene_22_actors ]
/tmp/_gbsbuild/obj/scene_22_collisions.rel
                                          [ scene_22_collisions ]
/tmp/_gbsbuild/obj/scene_22_init.rel      [ scene_22_init ]
/tmp/_gbsbuild/obj/scene_22_sprites.rel   [ scene_22_sprites ]
/tmp/_gbsbuild/obj/scene_22_triggers.rel  [ scene_22_triggers ]
/tmp/_gbsbuild/obj/scene_22.rel           [ scene_22 ]
/tmp/_gbsbuild/obj/scene_23_actors.rel    [ scene_23_actors ]
/tmp/_gbsbuild/obj/scene_23_collisions.rel
                                          [ scene_23_collisions ]
/tmp/_gbsbuild/obj/scene_23_init.rel      [ scene_23_init ]
/tmp/_gbsbuild/obj/scene_23_sprites.rel   [ scene_23_sprites ]
/tmp/_gbsbuild/obj/scene_23_triggers.rel  [ scene_23_triggers ]
/tmp/_gbsbuild/obj/scene_23.rel           [ scene_23 ]
/tmp/_gbsbuild/obj/scene_9_actors.rel     [ scene_9_actors ]
/tmp/_gbsbuild/obj/scene_9_collisions.rel
                                          [ scene_9_collisions ]
/tmp/_gbsbuild/obj/scene_9_init.rel       [ scene_9_init ]
/tmp/_gbsbuild/obj/scene_9_sprites.rel    [ scene_9_sprites ]
/tmp/_gbsbuild/obj/scene_9_triggers.rel   [ scene_9_triggers ]
/tmp/_gbsbuild/obj/scene_9.rel            [ scene_9 ]
/tmp/_gbsbuild/obj/scene_cave_actors.rel  [ scene_cave_actors ]
/tmp/_gbsbuild/obj/scene_cave_collisions.rel
                                          [ scene_cave_collisions ]
/tmp/_gbsbuild/obj/scene_cave_init.rel    [ scene_cave_init ]
/tmp/_gbsbuild/obj/scene_cave_sprites.rel
                                          [ scene_cave_sprites ]
/tmp/_gbsbuild/obj/scene_cave.rel         [ scene_cave ]
/tmp/_gbsbuild/obj/scene_house_actors.rel
                                          [ scene_house_actors ]
/tmp/_gbsbuild/obj/scene_house_collisions.rel
                                          [ scene_house_collisions ]
/tmp/_gbsbuild/obj/scene_house_init.rel   [ scene_house_init ]
/tmp/_gbsbuild/obj/scene_house_sprites.rel
                                          [ scene_house_sprites ]
/tmp/_gbsbuild/obj/scene_house_triggers.rel
                                          [ scene_house_triggers ]
/tmp/_gbsbuild/obj/scene_house.rel        [ scene_house ]
/tmp/_gbsbuild/obj/scene_logo_collisions.rel
                                          [ scene_logo_collisions ]
/tmp/_gbsbuild/obj/scene_logo_init.rel    [ scene_logo_init ]
/tmp/_gbsbuild/obj/scene_logo.rel         [ scene_logo ]
/tmp/_gbsbuild/obj/scene_menu_actors.rel  [ scene_menu_actors ]
/tmp/_gbsbuild/obj/scene_menu_collisions.rel
                                          [ scene_menu_collisions ]
/tmp/_gbsbuild/obj/scene_menu_init.rel    [ scene_menu_init ]
/tmp/_gbsbuild/obj/scene_menu_sprites.rel
                                          [ scene_menu_sprites ]
/tmp/_gbsbuild/obj/scene_menu.rel         [ scene_menu ]
/tmp/_gbsbuild/obj/scene_stars_collisions.rel
                                          [ scene_stars_collisions ]
/tmp/_gbsbuild/obj/scene_stars_init.rel   [ scene_stars_init ]
/tmp/_gbsbuild/obj/scene_stars_triggers.rel
                                          [ scene_stars_triggers ]
/tmp/_gbsbuild/obj/scene_stars.rel        [ scene_stars ]
/tmp/_gbsbuild/obj/scene_title_screen_collisions.rel
                                          [ scene_title_screen_collisions ]
/tmp/_gbsbuild/obj/scene_title_screen_init.rel
                                          [ scene_title_screen_init ]
/tmp/_gbsbuild/obj/scene_title_screen.rel
                                          [ scene_title_screen ]
/tmp/_gbsbuild/obj/scene_underground_actors.rel
                                          [ scene_underground_actors ]
/tmp/_gbsbuild/obj/scene_underground_collisions.rel
                                          [ scene_underground_collisions ]
/tmp/_gbsbuild/obj/scene_underground_init.rel
                                          [ scene_underground_init ]
/tmp/_gbsbuild/obj/scene_underground_sprites.rel
                                          [ scene_underground_sprites ]
/tmp/_gbsbuild/obj/scene_underground_triggers.rel
                                          [ scene_underground_triggers ]
/tmp/_gbsbuild/obj/scene_underground.rel  [ scene_underground ]
/tmp/_gbsbuild/obj/script_engine_init.rel
                                          [  ]
/tmp/_gbsbuild/obj/script_init_menu.rel   [ script_init_menu ]
/tmp/_gbsbuild/obj/script_input_0.rel     [ script_input_0 ]
/tmp/_gbsbuild/obj/sound_gbfx_sav.rel     [ sound_gbfx_sav ]
/tmp/_gbsbuild/obj/sound_legacy_0.rel     [ sound_legacy_0 ]
/tmp/_gbsbuild/obj/sound_legacy_1.rel     [ sound_legacy_1 ]
/tmp/_gbsbuild/obj/sprite_arm_bones_tileset.rel
                                          [ sprite_arm_bones_tileset ]
/tmp/_gbsbuild/obj/sprite_arm_bones.rel   [ sprite_arm_bones ]
/tmp/_gbsbuild/obj/sprite_basket_ball_tileset.rel
                                          [ sprite_basket_ball_tileset ]
/tmp/_gbsbuild/obj/sprite_basket_ball.rel
                                          [ sprite_basket_ball ]
/tmp/_gbsbuild/obj/sprite_cat_tileset.rel
                                          [ sprite_cat_tileset ]
/tmp/_gbsbuild/obj/sprite_cat.rel         [ sprite_cat ]
/tmp/_gbsbuild/obj/sprite_checkbox_tileset.rel
                                          [ sprite_checkbox_tileset ]
/tmp/_gbsbuild/obj/sprite_checkbox.rel    [ sprite_checkbox ]
/tmp/_gbsbuild/obj/sprite_dog_tileset.rel
                                          [ sprite_dog_tileset ]
/tmp/_gbsbuild/obj/sprite_dog.rel         [ sprite_dog ]
/tmp/_gbsbuild/obj/sprite_duck_tileset.rel
                                          [ sprite_duck_tileset ]
/tmp/_gbsbuild/obj/sprite_duck.rel        [ sprite_duck ]
/tmp/_gbsbuild/obj/sprite_eyeball_tileset.rel
                                          [ sprite_eyeball_tileset ]
/tmp/_gbsbuild/obj/sprite_eyeball.rel     [ sprite_eyeball ]
/tmp/_gbsbuild/obj/sprite_fire_tileset.rel
                                          [ sprite_fire_tileset ]
/tmp/_gbsbuild/obj/sprite_fire.rel        [ sprite_fire ]
/tmp/_gbsbuild/obj/sprite_hand_bones_2_tileset.rel
                                          [ sprite_hand_bones_2_tileset ]
/tmp/_gbsbuild/obj/sprite_hand_bones_2.rel
                                          [ sprite_hand_bones_2 ]
/tmp/_gbsbuild/obj/sprite_heart_tileset.rel
                                          [ sprite_heart_tileset ]
/tmp/_gbsbuild/obj/sprite_heart.rel       [ sprite_heart ]
/tmp/_gbsbuild/obj/sprite_ice_tileset.rel
                                          [ sprite_ice_tileset ]
/tmp/_gbsbuild/obj/sprite_ice.rel         [ sprite_ice ]
/tmp/_gbsbuild/obj/sprite_jon_tileset.rel
                                          [ sprite_jon_tileset ]
/tmp/_gbsbuild/obj/sprite_jon.rel         [ sprite_jon ]
/tmp/_gbsbuild/obj/sprite_liver_sleeping_tileset.rel
                                          [ sprite_liver_sleeping_tileset ]
/tmp/_gbsbuild/obj/sprite_liver_sleeping.rel
                                          [ sprite_liver_sleeping ]
/tmp/_gbsbuild/obj/sprite_liver_tileset.rel
                                          [ sprite_liver_tileset ]
/tmp/_gbsbuild/obj/sprite_liver.rel       [ sprite_liver ]
/tmp/_gbsbuild/obj/sprite_lung_1_tileset.rel
                                          [ sprite_lung_1_tileset ]
/tmp/_gbsbuild/obj/sprite_lung_1.rel      [ sprite_lung_1 ]
/tmp/_gbsbuild/obj/sprite_lung_2_tileset.rel
                                          [ sprite_lung_2_tileset ]
/tmp/_gbsbuild/obj/sprite_lung_2.rel      [ sprite_lung_2 ]
/tmp/_gbsbuild/obj/sprite_npc001_tileset.rel
                                          [ sprite_npc001_tileset ]
/tmp/_gbsbuild/obj/sprite_npc001.rel      [ sprite_npc001 ]
/tmp/_gbsbuild/obj/sprite_npc002_tileset.rel
                                          [ sprite_npc002_tileset ]
/tmp/_gbsbuild/obj/sprite_npc002.rel      [ sprite_npc002 ]
/tmp/_gbsbuild/obj/sprite_npc003_tileset.rel
                                          [ sprite_npc003_tileset ]
/tmp/_gbsbuild/obj/sprite_npc003.rel      [ sprite_npc003 ]
/tmp/_gbsbuild/obj/sprite_pelvis_tileset.rel
                                          [ sprite_pelvis_tileset ]
/tmp/_gbsbuild/obj/sprite_pelvis.rel      [ sprite_pelvis ]
/tmp/_gbsbuild/obj/sprite_pickup_1_tileset.rel
                                          [ sprite_pickup_1_tileset ]
/tmp/_gbsbuild/obj/sprite_pickup_1.rel    [ sprite_pickup_1 ]
/tmp/_gbsbuild/obj/sprite_player_copy__tileset.rel
                                          [ sprite_player_copy__tileset ]
/tmp/_gbsbuild/obj/sprite_player_copy_.rel
                                          [ sprite_player_copy_ ]
/tmp/_gbsbuild/obj/sprite_player_tileset.rel
                                          [ sprite_player_tileset ]
/tmp/_gbsbuild/obj/sprite_player.rel      [ sprite_player ]
/tmp/_gbsbuild/obj/sprite_radio_tileset.rel
                                          [ sprite_radio_tileset ]
/tmp/_gbsbuild/obj/sprite_radio.rel       [ sprite_radio ]
/tmp/_gbsbuild/obj/sprite_rib_cage_tileset.rel
                                          [ sprite_rib_cage_tileset ]
/tmp/_gbsbuild/obj/sprite_rib_cage.rel    [ sprite_rib_cage ]
/tmp/_gbsbuild/obj/sprite_rock_tileset.rel
                                          [ sprite_rock_tileset ]
/tmp/_gbsbuild/obj/sprite_rock.rel        [ sprite_rock ]
/tmp/_gbsbuild/obj/sprite_sage_tileset.rel
                                          [ sprite_sage_tileset ]
/tmp/_gbsbuild/obj/sprite_sage.rel        [ sprite_sage ]
/tmp/_gbsbuild/obj/sprite_signpost_tileset.rel
                                          [ sprite_signpost_tileset ]
/tmp/_gbsbuild/obj/sprite_signpost.rel    [ sprite_signpost ]
/tmp/_gbsbuild/obj/sprite_skull_tileset.rel
                                          [ sprite_skull_tileset ]
/tmp/_gbsbuild/obj/sprite_skull.rel       [ sprite_skull ]
/tmp/_gbsbuild/obj/sprite_syllabus_table_tileset.rel
                                          [ sprite_syllabus_table_tileset ]
/tmp/_gbsbuild/obj/sprite_syllabus_table.rel
                                          [ sprite_syllabus_table ]
/tmp/_gbsbuild/obj/sprite_trash_tileset.rel
                                          [ sprite_trash_tileset ]
/tmp/_gbsbuild/obj/sprite_trash.rel       [ sprite_trash ]
/tmp/_gbsbuild/obj/sprite_truck_2_tileset.rel
                                          [ sprite_truck_2_tileset ]
/tmp/_gbsbuild/obj/sprite_truck_2.rel     [ sprite_truck_2 ]
/tmp/_gbsbuild/obj/sprite_writing_tileset.rel
                                          [ sprite_writing_tileset ]
/tmp/_gbsbuild/obj/sprite_writing.rel     [ sprite_writing ]
/tmp/_gbsbuild/obj/spritesheet_none.rel   [ spritesheet_none ]
/tmp/_gbsbuild/obj/trigger_0_interact.rel
                                          [ trigger_0_interact ]
/tmp/_gbsbuild/obj/trigger_1_interact.rel
                                          [ trigger_1_interact ]
/tmp/_gbsbuild/obj/trigger_10_interact.rel
                                          [ trigger_10_interact ]
/tmp/_gbsbuild/obj/trigger_11_interact.rel
                                          [ trigger_11_interact ]
/tmp/_gbsbuild/obj/trigger_12_interact.rel
                                          [ trigger_12_interact ]
/tmp/_gbsbuild/obj/trigger_13_interact.rel
                                          [ trigger_13_interact ]
/tmp/_gbsbuild/obj/trigger_14_interact.rel
                                          [ trigger_14_interact ]
/tmp/_gbsbuild/obj/trigger_15_interact.rel
                                          [ trigger_15_interact ]
/tmp/_gbsbuild/obj/trigger_16_interact.rel
                                          [ trigger_16_interact ]
/tmp/_gbsbuild/obj/trigger_17_interact.rel
                                          [ trigger_17_interact ]
/tmp/_gbsbuild/obj/trigger_18_interact.rel
                                          [ trigger_18_interact ]
/tmp/_gbsbuild/obj/trigger_19_interact.rel
                                          [ trigger_19_interact ]
/tmp/_gbsbuild/obj/trigger_2_interact.rel
                                          [ trigger_2_interact ]
/tmp/_gbsbuild/obj/trigger_20_interact.rel
                                          [ trigger_20_interact ]
/tmp/_gbsbuild/obj/trigger_21_interact.rel
                                          [ trigger_21_interact ]
/tmp/_gbsbuild/obj/trigger_22_interact.rel
                                          [ trigger_22_interact ]
/tmp/_gbsbuild/obj/trigger_23_interact.rel
                                          [ trigger_23_interact ]
/tmp/_gbsbuild/obj/trigger_24_interact.rel
                                          [ trigger_24_interact ]
/tmp/_gbsbuild/obj/trigger_25_interact.rel
                                          [ trigger_25_interact ]
/tmp/_gbsbuild/obj/trigger_26_interact.rel
                                          [ trigger_26_interact ]
/tmp/_gbsbuild/obj/trigger_27_interact.rel
                                          [ trigger_27_interact ]
/tmp/_gbsbuild/obj/trigger_28_interact.rel
                                          [ trigger_28_interact ]
/tmp/_gbsbuild/obj/trigger_29_interact.rel
                                          [ trigger_29_interact ]
/tmp/_gbsbuild/obj/trigger_3_interact.rel
                                          [ trigger_3_interact ]
/tmp/_gbsbuild/obj/trigger_30_interact.rel
                                          [ trigger_30_interact ]
/tmp/_gbsbuild/obj/trigger_31_interact.rel
                                          [ trigger_31_interact ]
/tmp/_gbsbuild/obj/trigger_32_interact.rel
                                          [ trigger_32_interact ]
/tmp/_gbsbuild/obj/trigger_33_interact.rel
                                          [ trigger_33_interact ]
/tmp/_gbsbuild/obj/trigger_34_interact.rel
                                          [ trigger_34_interact ]
/tmp/_gbsbuild/obj/trigger_35_interact.rel
                                          [ trigger_35_interact ]
/tmp/_gbsbuild/obj/trigger_36_interact.rel
                                          [ trigger_36_interact ]
/tmp/_gbsbuild/obj/trigger_37_interact.rel
                                          [ trigger_37_interact ]
/tmp/_gbsbuild/obj/trigger_38_interact.rel
                                          [ trigger_38_interact ]
/tmp/_gbsbuild/obj/trigger_39_interact.rel
                                          [ trigger_39_interact ]
/tmp/_gbsbuild/obj/trigger_4_interact.rel
                                          [ trigger_4_interact ]
/tmp/_gbsbuild/obj/trigger_5_interact.rel
                                          [ trigger_5_interact ]
/tmp/_gbsbuild/obj/trigger_6_interact.rel
                                          [ trigger_6_interact ]
/tmp/_gbsbuild/obj/trigger_7_interact.rel
                                          [ trigger_7_interact ]
/tmp/_gbsbuild/obj/trigger_8_interact.rel
                                          [ trigger_8_interact ]
/tmp/_gbsbuild/obj/trigger_9_interact.rel
                                          [ trigger_9_interact ]
/tmp/_gbsbuild/obj/main.rel               [ main ]
/tmp/_gbsbuild/obj/adventure.rel          [ adventure ]
/tmp/_gbsbuild/obj/logo.rel               [ logo ]
/tmp/_gbsbuild/obj/platform.rel           [ platform ]
/tmp/_gbsbuild/obj/pointnclick.rel        [ pointnclick ]
/tmp/_gbsbuild/obj/shmup.rel              [ shmup ]
/tmp/_gbsbuild/obj/states_ptrs.rel        [  ]
/tmp/_gbsbuild/obj/topdown.rel            [ topdown ]


Libraries Linked                          [ object file ]

/tmp/_gbstools/gbdk/lib/small/asxxxx/gb/gb.lib
                                          [ fill_rect_wi.o ]
/tmp/_gbstools/gbdk/lib/small/asxxxx/gbz80/gbz80.lib
                                          [ rand.o ]
/tmp/_gbstools/gbdk/lib/small/asxxxx/gb/gb.lib
                                          [ sfr.o ]
/tmp/_gbstools/gbdk/lib/small/asxxxx/gb/gb.lib
                                          [ get_data.o ]
/tmp/_gbstools/gbdk/lib/small/asxxxx/gb/gb.lib
                                          [ get_tile.o ]
lib/gbt_player.lib                        [ gbt_player.o ]
/tmp/_gbstools/gbdk/lib/small/asxxxx/gb/gb.lib
                                          [ metasprites_hide_spr.o ]
/tmp/_gbstools/gbdk/lib/small/asxxxx/gbz80/gbz80.lib
                                          [ mul.o ]
/tmp/_gbstools/gbdk/lib/small/asxxxx/gbz80/gbz80.lib
                                          [ abs.o ]
/tmp/_gbstools/gbdk/lib/small/asxxxx/gb/gb.lib
                                          [ set_wi_t.o ]
/tmp/_gbstools/gbdk/lib/small/asxxxx/gb/gb.lib
                                          [ set_data.o ]
/tmp/_gbstools/gbdk/lib/small/asxxxx/gbz80/gbz80.lib
                                          [ reverse.o ]
/tmp/_gbstools/gbdk/lib/small/asxxxx/gb/gb.lib
                                          [ far_ptr.o ]
/tmp/_gbstools/gbdk/lib/small/asxxxx/gb/gb.lib
                                          [ sgb.o ]
/tmp/_gbstools/gbdk/lib/small/asxxxx/gb/gb.lib
                                          [ lcd.o ]
/tmp/_gbstools/gbdk/lib/small/asxxxx/gb/gb.lib
                                          [ fill_rect.o ]
/tmp/_gbstools/gbdk/lib/small/asxxxx/gb/gb.lib
                                          [ cpy_data.o ]
/tmp/_gbstools/gbdk/lib/small/asxxxx/gb/gb.lib
                                          [ fill_rect_bk.o ]
/tmp/_gbstools/gbdk/lib/small/asxxxx/gb/gb.lib
                                          [ pad.o ]
/tmp/_gbstools/gbdk/lib/small/asxxxx/gb/gb.lib
                                          [ metasprites.o ]
/tmp/_gbstools/gbdk/lib/small/asxxxx/gbz80/gbz80.lib
                                          [ __sdcc_call_hl.o ]
/tmp/_gbstools/gbdk/lib/small/asxxxx/gbz80/gbz80.lib
                                          [ _memcpy.o ]
/tmp/_gbstools/gbdk/lib/small/asxxxx/gbz80/gbz80.lib
                                          [ _memset.o ]
/tmp/_gbstools/gbdk/lib/small/asxxxx/gb/gb.lib
                                          [ set_xy_t.o ]
/tmp/_gbstools/gbdk/lib/small/asxxxx/gbz80/gbz80.lib
                                          [ div.o ]
/tmp/_gbstools/gbdk/lib/small/asxxxx/gb/gb.lib
                                          [ set_bk_t.o ]
lib/gbt_player.lib                        [ gbt_player_bank1.o ]

ASxxxx Linker V03.00 + NoICE + sdld,  page 87.

User Base Address Definitions

_DATA=0xC0A0
_CODE=0x0200
ASxxxx Linker V03.00 + NoICE + sdld,  page 88.

User Global Definitions

.STACK=0xDF00
_shadow_OAM=0xC000
.refresh_OAM=0xFF80
__start_save=12

